%s:2 PhanInvalidConstantExpression Constant expression contains invalid operations
%s:3 PhanUnreferencedClass Possibly zero references to class \X36
%s:7 PhanCompatibleNamedArgument Cannot use named arguments before php 8.0 in argument (flags: Attribute::TARGET_FUNCTION)
%s:7 PhanInvalidConstantExpression Constant expression contains invalid operations
%s:8 PhanUnreferencedClass Possibly zero references to class \Y36
