%s:7 PhanParamTooManyUnpack Call with 0 or more args to \Example::__construct() which only takes 0 arg(s) defined at %s:4 (argument unpacking was used)
%s:10 PhanParamTooMany Call with 1 arg(s) to \Example::__construct() which only takes 0 arg(s) defined at %s:4
%s:14 PhanParamTooMany Call with 1 arg(s) to \Example::__construct() which only takes 0 arg(s) defined at %s:4
