%s:5 PhanTypeInvalidLeftOperandOfAdd Invalid operator: left operand of + is null= (expected array or number)
%s:5 PhanUndeclaredVariable Variable $a is undeclared (Did you mean $b or (use($a) for Closure(int $b) at line 4))
