%s:16 PhanTypeMismatchReturn Returning $elem of type \ArrayObject but test() is declared to return string
