%s:16 PhanParamTooFew Call with 0 arg(s) to \NS942\IntInvokable::__invoke(int $arg) which requires 1 arg(s) defined at %s:9
%s:16 PhanTypeVoidArgument Cannot use void return value $value() as a function argument
%s:22 PhanUndeclaredInvokeInCallable Possible attempt to access missing magic method __invoke of '\Countable&\Traversable'
