%s:16 PhanAccessOverridesFinalConstant Declaration of class constant \NS950\I3::A overrides final constant \NS950\I1::A defined at %s:6
