%s:11 PhanDebugAnnotation @phan-debug-var requested for variable $array - it has union type array{}(real=array{})
%s:15 PhanDebugAnnotation @phan-debug-var requested for variable $array - it has union type non-empty-array<mixed,mixed>(real=non-empty-array<mixed,mixed>)
%s:21 PhanDebugAnnotation @phan-debug-var requested for variable $array - it has union type array{}(real=array{})
%s:25 PhanDebugAnnotation @phan-debug-var requested for variable $array - it has union type non-empty-array<mixed,mixed>(real=non-empty-array<mixed,mixed>)
%s:31 PhanDebugAnnotation @phan-debug-var requested for variable $array - it has union type array{}(real=array{})
%s:35 PhanDebugAnnotation @phan-debug-var requested for variable $array - it has union type non-empty-array<mixed,mixed>(real=non-empty-array<mixed,mixed>)
%s:41 PhanDebugAnnotation @phan-debug-var requested for variable $array - it has union type array{}(real=array{})
%s:45 PhanDebugAnnotation @phan-debug-var requested for variable $array - it has union type non-empty-array<mixed,mixed>(real=non-empty-array<mixed,mixed>)
%s:51 PhanDebugAnnotation @phan-debug-var requested for variable $array - it has union type array{}(real=array{})
%s:55 PhanDebugAnnotation @phan-debug-var requested for variable $array - it has union type non-empty-array<mixed,mixed>(real=non-empty-array<mixed,mixed>)
%s:61 PhanDebugAnnotation @phan-debug-var requested for variable $array - it has union type array{}(real=array{})
%s:65 PhanDebugAnnotation @phan-debug-var requested for variable $array - it has union type non-empty-array<mixed,mixed>(real=non-empty-array<mixed,mixed>)
%s:70 PhanDebugAnnotation @phan-debug-var requested for variable $array - it has union type array{}(real=array{})
%s:74 PhanDebugAnnotation @phan-debug-var requested for variable $array - it has union type non-empty-array<mixed,mixed>(real=non-empty-array<mixed,mixed>)
