%s:5 PhanGenericConstructorTypes Missing template parameter for type TModel on constructor for generic class \Foo
