%s:6 PhanDebugAnnotation @phan-debug-var requested for variable $y - it has union type ?42
